 A = [-81, -95, -49, -24, -16, -4, 24, 41, 50, 54, 98, 82, 46, 92]
 W = [0.019, 0.084, 0.057, 0.07, 0.096, 0.115, 0.068, 0.099, 0.076, 0.017, 0.12, 0.02400000000000002, 0.12299999999999989, 0.032]
 lo = 0
 hi = 13
 target = 0.5
(Pdb) pivot
7
(Pdb) totalSum
0.608
(Pdb) medSum
0.099


A = [-81, -95, -49, -24, -16, -4, 24, 41, 50, 54, 46, 82, 92, 98]
W = [0.019, 0.084, 0.057, 0.07, 0.096, 0.115, 0.068, 0.099, 0.076, 0.017, 0.12299999999999989, 0.02400000000000002, 0.032, 0.12]
lo = 0
hi = 6
target = 0.401
(Pdb) pivot
3
(Pdb) totalSum
0.23
(Pdb) medSum
0.07


A = [-81, -95, -49, -24, -16, -4, 24, 41, 50, 54, 46, 82, 92, 98]
W = [0.019, 0.084, 0.057, 0.07, 0.096, 0.115, 0.068, 0.099, 0.076, 0.017, 0.12299999999999989, 0.02400000000000002, 0.032, 0.12]
lo = 4
hi = 6
target = 0.171
(Pdb) pivot
5
(Pdb) totalSum
0.21100000000000002
(Pdb) medSum
0.115


ERROR! our median algorithm found -4 while theirs found 24. Dump of A:
[-81, -95, -49, -24, -16, -4, 24, 41, 50, 54, 46, 82, 92, 98]
[0.019, 0.084, 0.057, 0.07, 0.096, 0.115, 0.068, 0.099, 0.076, 0.017, 0.12299999999999989, 0.02400000000000002, 0.032, 0.12]

